// Jest Snapshot v1, https://goo.gl/fbAQLP

exports[`Forum Item No Discussions - Snapshot 1`] = `
<li
  className="forum-item-li"
>
  <div
    className="pathLink nti-link-to-path forum-link"
    to="#"
  >
    <div
      className="item-container"
    >
      <div
        className="item-main"
      >
        <span
          className="title"
        />
        <div
          className="meta"
        >
          <span
            className="see-all count"
          >
            No Discussions
          </span>
        </div>
      </div>
    </div>
  </div>
</li>
`;
