// Jest Snapshot v1, https://goo.gl/fbAQLP

exports[`Forum Bin Snapshot 1`] = `
<li
  className="bin"
>
  
  <ul
    className="forum-board-list"
  >
    <li
      className="board"
    >
      <h3
        className="board-title"
      >
        My Section
      </h3>
      <ul
        className="forum-item-list"
      >
        <li
          className="forum-item-li"
        >
          <div
            className="pathLink nti-link-to-path forum-link"
            to="/id/unknown-OID-0x0551b0%3A5573657273%3AZkMpTMuJZhf"
          >
            <div
              className="item-container"
            >
              <div
                className="item-main"
              >
                <span
                  className="title"
                />
                <div
                  className="meta"
                >
                  <span
                    className="see-all count"
                  >
                    No Discussions
                  </span>
                </div>
              </div>
            </div>
          </div>
        </li>
        <li
          className="forum-item-li"
        >
          <div
            className="pathLink nti-link-to-path forum-link"
            to="/id/unknown-OID-0x0551b8%3A5573657273%3AZkMpTMuJZhe"
          >
            <div
              className="item-container"
            >
              <div
                className="item-main"
              >
                <span
                  className="title"
                />
                <div
                  className="meta"
                >
                  <span
                    className="see-all count"
                  >
                    No Discussions
                  </span>
                </div>
              </div>
            </div>
          </div>
        </li>
      </ul>
    </li>
    <li
      className="board"
    >
      <h3
        className="board-title"
      >
        All Sections
      </h3>
      <ul
        className="forum-item-list"
      >
        <li
          className="forum-item-li"
        >
          <div
            className="pathLink nti-link-to-path forum-link"
            to="/id/unknown-OID-0x05513f%3A5573657273%3AZkMpTMuJZj8"
          >
            <div
              className="item-container"
            >
              <div
                className="item-main"
              >
                <span
                  className="title"
                />
                <div
                  className="meta"
                >
                  <span
                    className="see-all count"
                  >
                    2 Discussions
                  </span>
                </div>
              </div>
            </div>
          </div>
        </li>
        <li
          className="forum-item-li"
        >
          <div
            className="pathLink nti-link-to-path forum-link"
            to="/id/unknown-OID-0x055199%3A5573657273%3AZkMpTMuJZhn"
          >
            <div
              className="item-container"
            >
              <div
                className="item-main"
              >
                <span
                  className="title"
                />
                <div
                  className="meta"
                >
                  <span
                    className="see-all count"
                  >
                    No Discussions
                  </span>
                </div>
              </div>
            </div>
          </div>
        </li>
      </ul>
    </li>
  </ul>
</li>
`;
